// Jest Snapshot v1, https://goo.gl/fbAQLP

exports[`Button component Matches the snapshot 1`] = `
<button>
  Nothing to do for now
</button>
`;

exports[`Button component it shows the expected text when clicked (testing the wrong way) 1`] = `
<button>
  Nothing to do for now
</button>
`;
